---
source: shellclear/tests/sensitive-patterns_test.rs
expression: results
---
[
    TestPatternResult {
        name: "detect Twitter Client ID",
        test: "TWITTER_CLIENT_ID:'shellclear3fsvgshellcler'",
        detect: "shellclear3fsvgshellcler",
        expected: "shellclear3fsvgshellcler",
    },
]
