---
source: shellclear/tests/sensitive-patterns_test.rs
expression: results
---
[
    TestPatternResult {
        name: "detect Twitter Secret Key",
        test: "TWITTER_SECRET_KEY:'shellclearpx2eds47ip234sifshellclear'",
        detect: "shellclearpx2eds47ip234sifshellclear",
        expected: "shellclearpx2eds47ip234sifshellclear",
    },
]
