---
source: shellclear/tests/sensitive-patterns_test.rs
expression: results
---
[
    TestPatternResult {
        name: "detect SendGrid API Token",
        test: "SG.shellcleardH0bSHADAAs2.9Shellclaer_SdadvcCFG33dsSDFDD1",
        detect: "SG.shellcleardH0bSHADAAs2.9Shellclaer_SdadvcCFG33dsSDFDD",
        expected: "SG.shellcleardH0bSHADAAs2.9Shellclaer_SdadvcCFG33dsSDFDD",
    },
]
