---
source: shellclear/tests/sensitive-patterns_test.rs
expression: results
---
[
    TestPatternResult {
        name: "detect github_oauth_token gho_ prefix",
        test: "gho_shellclear1shellclear2shellclear3shellclear",
        detect: "gho_shellclear1shellclear2shellclear3she",
        expected: "gho_shellclear1shellclear2shellclear3she",
    },
]
