---
source: shellclear/src/engine.rs
expression: result
---
Ok(
    Findings {
        patterns: [
            FindingSensitiveCommands {
                shell_type: Bash,
                sensitive_findings: [],
                command: "history",
                data: "history",
            },
            FindingSensitiveCommands {
                shell_type: Bash,
                sensitive_findings: [],
                command: "ls",
                data: "ls",
            },
            FindingSensitiveCommands {
                shell_type: Bash,
                sensitive_findings: [],
                command: "echo 'hello you'",
                data: "echo 'hello you'",
            },
            FindingSensitiveCommands {
                shell_type: Bash,
                sensitive_findings: [],
                command: "rm -f ./file.txt",
                data: "rm -f ./file.txt",
            },
            FindingSensitiveCommands {
                shell_type: Bash,
                sensitive_findings: [
                    SensitiveCommands {
                        test: FIND_ME,
                        name: "Pattern Name",
                        secret_group: 1,
                        id: "elad_ignore",
                    },
                ],
                command: "export FIND_ME=token",
                data: "export FIND_ME=token",
            },
        ],
    },
)
